//
//	Package - transpiled by c4go
//
//	If you have found any issues, please raise an issue at:
//	https://github.com/FTwOoO/c4go/
//

package code_quality

import "github.com/FTwOoO/c4go/noarch"
import "fmt"

// print_ - transpiled function from  C4GO/tests/code_quality/stdio.c:3
func print_() {
	fmt.Printf("Hello")
	noarch.Printf([]byte("Hello, %d\x00"), 42)
}
